[32m[INFO][0m setup plugin alembic.autogenerate.schemas
[32m[INFO][0m setup plugin alembic.autogenerate.tables
[32m[INFO][0m setup plugin alembic.autogenerate.types
[32m[INFO][0m setup plugin alembic.autogenerate.constraints
[32m[INFO][0m setup plugin alembic.autogenerate.defaults
[32m[INFO][0m setup plugin alembic.autogenerate.comments
[32m[INFO][0m setup plugin alembic.autogenerate.checkconstraint_byname
[1m[33m[WARNING][0m WARNING: You need pytorch with cu130 or higher to use optimized CUDA operations.
[32m[INFO][0m Found comfy_kitchen backend triton: {'available': True, 'disabled': True, 'unavailable_reason': None, 'capabilities': ['adaln', 'apply_rope', 'apply_rope1', 'apply_rope1_', 'apply_rope_', 'apply_rope_split_half', 'apply_rope_split_half1', 'apply_rope_split_half1_', 'apply_rope_split_half_', 'dequantize_nvfp4', 'dequantize_per_tensor_fp8', 'int8_linear', 'na3d', 'quantize_and_rotate_rowwise', 'quantize_int8_rowwise', 'quantize_mxfp8', 'quantize_nvfp4', 'quantize_per_tensor_fp8', 'rms_adaln', 'rms_rope', 'rms_rope1', 'rms_rope1_', 'rms_rope_', 'rms_rope_split_half', 'rms_rope_split_half1', 'rms_rope_split_half1_', 'rms_rope_split_half_', 'w4a8_int8_linear']}
[32m[INFO][0m Found comfy_kitchen backend eager: {'available': True, 'disabled': False, 'unavailable_reason': None, 'capabilities': ['adaln', 'apply_rope', 'apply_rope1', 'apply_rope1_', 'apply_rope_', 'apply_rope_split_half', 'apply_rope_split_half1', 'apply_rope_split_half1_', 'apply_rope_split_half_', 'convrot_w4a4_linear', 'dequantize_convrot_w4a4_weight', 'dequantize_int8_convrot_weight', 'dequantize_int8_convrot_weight_dtype', 'dequantize_int8_embedding', 'dequantize_int8_simple', 'dequantize_int8_simple_dtype', 'dequantize_mxfp8', 'dequantize_nvfp4', 'dequantize_per_tensor_fp8', 'dequantize_w4a8_int8_weight', 'gemv_awq_w4a16', 'int8_linear', 'na3d', 'prepare_int4_weight_for_int8_linear', 'quantize_and_rotate_rowwise', 'quantize_convrot_w4a4_weight', 'quantize_int8_convrot_weight', 'quantize_int8_rowwise', 'quantize_int8_tensorwise', 'quantize_mxfp8', 'quantize_nvfp4', 'quantize_per_tensor_fp8', 'quantize_svdquant_w4a4', 'quantize_w4a8_int8_weight', 'rms_adaln', 'rms_rope', 'rms_rope1', 'rms_rope1_', 'rms_rope_', 'rms_rope_split_half', 'rms_rope_split_half1', 'rms_rope_split_half1_', 'rms_rope_split_half_', 'rotate_int8_convrot_weight', 'scaled_mm_mxfp8', 'scaled_mm_nvfp4', 'scaled_mm_svdquant_w4a4', 'stochastic_rounding_fp8', 'w4a8_int8_linear']}
[32m[INFO][0m Found comfy_kitchen backend hip: {'available': False, 'disabled': False, 'unavailable_reason': 'PyTorch ROCm/HIP runtime not available', 'capabilities': []}
[32m[INFO][0m Found comfy_kitchen backend cuda: {'available': True, 'disabled': True, 'unavailable_reason': None, 'capabilities': ['adaln', 'apply_rope', 'apply_rope1', 'apply_rope1_', 'apply_rope_', 'apply_rope_split_half', 'apply_rope_split_half1', 'apply_rope_split_half1_', 'apply_rope_split_half_', 'convrot_w4a4_linear', 'dequantize_convrot_w4a4_weight', 'dequantize_int8_convrot_weight', 'dequantize_int8_convrot_weight_dtype', 'dequantize_int8_simple', 'dequantize_int8_simple_dtype', 'dequantize_nvfp4', 'dequantize_per_tensor_fp8', 'dequantize_w4a8_int8_weight', 'gemv_awq_w4a16', 'int8_linear', 'na3d', 'prepare_int4_weight_for_int8_linear', 'quantize_and_rotate_rowwise', 'quantize_convrot_w4a4_weight', 'quantize_int8_convrot_weight', 'quantize_int8_rowwise', 'quantize_int8_tensorwise', 'quantize_mxfp8', 'quantize_nvfp4', 'quantize_per_tensor_fp8', 'quantize_svdquant_w4a4', 'quantize_w4a8_int8_weight', 'rms_adaln', 'rms_rope', 'rms_rope1', 'rms_rope1_', 'rms_rope_', 'rms_rope_split_half', 'rms_rope_split_half1', 'rms_rope_split_half1_', 'rms_rope_split_half_', 'rotate_int8_convrot_weight', 'scaled_mm_nvfp4', 'scaled_mm_svdquant_w4a4', 'stochastic_rounding_fp8', 'w4a8_int8_linear']}
[32m[INFO][0m Checkpoint files will always be loaded safely.
[32m[INFO][0m Total VRAM 143085 MB, total RAM 1547811 MB
[32m[INFO][0m pytorch version: 2.7.1+cu126
[32m[INFO][0m Set vram state to: NORMAL_VRAM
[32m[INFO][0m Device: cuda:0 NVIDIA H20-3e : cudaMallocAsync
[32m[INFO][0m Using async weight offloading with 2 streams
[32m[INFO][0m Enabled pinned memory 1393029.0
[32m[INFO][0m Using sage attention
[1m[33m[WARNING][0m Unsupported Pytorch detected. DynamicVRAM support requires Pytorch version 2.8 or later. Falling back to legacy ModelPatcher. VRAM estimates may be unreliable especially on Windows
[32m[INFO][0m Python version: 3.10.12 (main, Nov 20 2023, 15:14:05) [GCC 11.4.0]
[32m[INFO][0m ComfyUI version: 0.31.0
[32m[INFO][0m comfy-aimdo version: 0.4.13
[32m[INFO][0m comfy-kitchen version: 0.2.28
[32m[INFO][0m comfyui-frontend-package version: 1.48.7
[32m[INFO][0m comfyui-workflow-templates version: 0.11.37
[32m[INFO][0m comfyui-embedded-docs version: 0.5.9
[32m[INFO][0m comfy-kitchen version: 0.2.28
[32m[INFO][0m comfy-aimdo version: 0.4.13
[32m[INFO][0m [Prompt Server] web root: /usr/local/lib/python3.10/dist-packages/comfyui_frontend_package/static
[32m[INFO][0m Asset seeder disabled
[32m[INFO][0m No OpenGL_accelerate module loaded: No module named 'OpenGL_accelerate'
[32m[INFO][0m 
Import times for custom nodes:
[32m[INFO][0m    0.0 seconds: /wgb/ComfyUI/custom_nodes/websocket_image_save.py
[32m[INFO][0m    0.0 seconds: /wgb/ComfyUI/custom_nodes/ComfyUI-MiniMax-H3-Turbo
[32m[INFO][0m 
[32m[INFO][0m Context impl SQLiteImpl.
[32m[INFO][0m Will assume non-transactional DDL.
[32m[INFO][0m Using RAM pressure cache.
[32m[INFO][0m Starting server

[32m[INFO][0m To see the GUI go to: http://0.0.0.0:8188
[32m[INFO][0m got prompt
[32m[INFO][0m VAE load device: cuda:0, offload device: cpu, dtype: torch.float32
[32m[INFO][0m VAE load device: cuda:0, offload device: cpu, dtype: torch.float16
[32m[INFO][0m CLIP/text encoder model load device: cuda:0, offload device: cpu, current: cpu, dtype: torch.float16
[32m[INFO][0m Requested to load MiniMaxH3TEModel_
[32m[INFO][0m loaded completely; 128965.05 MB usable, 49120.13 MB loaded, full load: True
[32m[INFO][0m model weight dtype torch.bfloat16, manual cast: None
[32m[INFO][0m model_type FLOW_AV
[MiniMaxH3TurboLoRA] full base [merge]: lora=minimax_h3_turbo_4step_ckpt600_ema_V4.safetensors strength=0.85 | 208 backbone modules, 0 weights patched (merged) | model=MiniMaxH3 weight_dtype=torch.bfloat16 weight_dev=cpu
[32m[INFO][0m Requested to load MiniMaxH3
[32m[INFO][0m loaded completely; 77128.00 MB usable, 63209.94 MB loaded, full load: True
[H3TURBO sampler] native ModelSamplingAV -> single-schedule Euler  sigmas=[1.0, 0.9882, 0.973, 0.9524, 0.9231, 0.878, 0.8, 0.6316, 0.0]  x.shape=(1, 1, 1451808) dtype=torch.float32

  0%|          | 0/8 [00:00<?, ?it/s][H3TURBO fwd full/merge] call#1  qkv_proj.forward_owner=Linear weight_patched=False (merge: delta folded into weights; owner is the base Linear, patch presence => lora ACTIVE)  is_injected=False  timestep=1000.00  video_rms=1.0002 audio_rms=0.9975 dtype=torch.bfloat16
[H3TURBO step 0] sv=1.0000->0.9882  denoised_rms=1.1579 x_rms=0.9883 d_rms=1.5403

 12%|█▎        | 1/8 [00:15<01:49, 15.57s/it][H3TURBO fwd full/merge] call#2  qkv_proj.forward_owner=Linear weight_patched=False (merge: delta folded into weights; owner is the base Linear, patch presence => lora ACTIVE)  is_injected=False  timestep=988.24  video_rms=0.9884 audio_rms=0.9501 dtype=torch.bfloat16
[H3TURBO step 1] sv=0.9882->0.9730  denoised_rms=1.0092 x_rms=0.9732 d_rms=1.4304

 25%|██▌       | 2/8 [00:30<01:30, 15.06s/it][H3TURBO fwd full/merge] call#3  qkv_proj.forward_owner=Linear weight_patched=False (merge: delta folded into weights; owner is the base Linear, patch presence => lora ACTIVE)  is_injected=False  timestep=972.97  video_rms=0.9732 audio_rms=0.8978 dtype=torch.bfloat16
[H3TURBO step 2] sv=0.9730->0.9524  denoised_rms=1.0291 x_rms=0.9533 d_rms=1.4400

 38%|███▊      | 3/8 [00:45<01:14, 14.99s/it][H3TURBO fwd full/merge] call#4  qkv_proj.forward_owner=Linear weight_patched=False (merge: delta folded into weights; owner is the base Linear, patch presence => lora ACTIVE)  is_injected=False  timestep=952.38  video_rms=0.9533 audio_rms=0.8327 dtype=torch.bfloat16
[H3TURBO step 3] sv=0.9524->0.9231  denoised_rms=1.0216 x_rms=0.9261 d_rms=1.4294

 50%|█████     | 4/8 [01:00<00:59, 14.94s/it][H3TURBO fwd full/merge] call#5  qkv_proj.forward_owner=Linear weight_patched=False (merge: delta folded into weights; owner is the base Linear, patch presence => lora ACTIVE)  is_injected=False  timestep=923.08  video_rms=0.9260 audio_rms=0.7555 dtype=torch.bfloat16
[H3TURBO step 4] sv=0.9231->0.8780  denoised_rms=1.0145 x_rms=0.8868 d_rms=1.4187

 62%|██████▎   | 5/8 [01:14<00:44, 14.91s/it][H3TURBO fwd full/merge] call#6  qkv_proj.forward_owner=Linear weight_patched=False (merge: delta folded into weights; owner is the base Linear, patch presence => lora ACTIVE)  is_injected=False  timestep=878.05  video_rms=0.8866 audio_rms=0.6611 dtype=torch.bfloat16
[H3TURBO step 5] sv=0.8780->0.8000  denoised_rms=1.0213 x_rms=0.8267 d_rms=1.4193

 75%|███████▌  | 6/8 [01:29<00:29, 14.89s/it][H3TURBO step 6] sv=0.8000->0.6316  denoised_rms=1.0280 x_rms=0.7411 d_rms=1.4145

 88%|████████▊ | 7/8 [01:44<00:14, 14.81s/it][H3TURBO step 7] sv=0.6316->0.0000  denoised_rms=1.0450 x_rms=1.0450 d_rms=1.4092

100%|██████████| 8/8 [01:59<00:00, 14.75s/it]
100%|██████████| 8/8 [01:59<00:00, 14.88s/it]
[32m[INFO][0m Requested to load MiniMaxH3AudioVAE
[32m[INFO][0m loaded completely; 16408.97 MB usable, 577.08 MB loaded, full load: True
[32m[INFO][0m Requested to load MiniMaxH3VideoVAE
[32m[INFO][0m loaded completely; 15821.85 MB usable, 4966.19 MB loaded, full load: True
[32m[INFO][0m [32mPrompt executed in 00:17:45[0m
[32m[INFO][0m got prompt
[H3TURBO sampler] native ModelSamplingAV -> single-schedule Euler  sigmas=[1.0, 0.9882, 0.973, 0.9524, 0.9231, 0.878, 0.8, 0.6316, 0.0]  x.shape=(1, 1, 1451808) dtype=torch.float32

  0%|          | 0/8 [00:00<?, ?it/s][H3TURBO step 0] sv=1.0000->0.9882  denoised_rms=1.4210 x_rms=0.9884 d_rms=1.7522

 12%|█▎        | 1/8 [00:15<01:46, 15.21s/it][H3TURBO step 1] sv=0.9882->0.9730  denoised_rms=0.9752 x_rms=0.9732 d_rms=1.4072

 25%|██▌       | 2/8 [00:29<01:28, 14.78s/it][H3TURBO step 2] sv=0.9730->0.9524  denoised_rms=1.1812 x_rms=0.9534 d_rms=1.5599

 38%|███▊      | 3/8 [00:44<01:13, 14.71s/it][H3TURBO step 3] sv=0.9524->0.9231  denoised_rms=1.1239 x_rms=0.9265 d_rms=1.5075

 50%|█████     | 4/8 [00:59<00:59, 14.81s/it][H3TURBO step 4] sv=0.9231->0.8780  denoised_rms=1.0973 x_rms=0.8881 d_rms=1.4798

 62%|██████▎   | 5/8 [01:13<00:44, 14.77s/it][H3TURBO step 5] sv=0.8780->0.8000  denoised_rms=1.0925 x_rms=0.8302 d_rms=1.4723

 75%|███████▌  | 6/8 [01:28<00:29, 14.78s/it][H3TURBO step 6] sv=0.8000->0.6316  denoised_rms=1.0961 x_rms=0.7535 d_rms=1.4682

 88%|████████▊ | 7/8 [01:43<00:14, 14.84s/it][H3TURBO step 7] sv=0.6316->0.0000  denoised_rms=1.1066 x_rms=1.1066 d_rms=1.4621

100%|██████████| 8/8 [01:58<00:00, 14.80s/it]
100%|██████████| 8/8 [01:58<00:00, 14.81s/it]
[32m[INFO][0m [32mPrompt executed in 211.21 seconds[0m
[32m[INFO][0m got prompt
[H3TURBO sampler] native ModelSamplingAV -> single-schedule Euler  sigmas=[1.0, 0.9882, 0.973, 0.9524, 0.9231, 0.878, 0.8, 0.6316, 0.0]  x.shape=(1, 1, 1451808) dtype=torch.float32

  0%|          | 0/8 [00:00<?, ?it/s][H3TURBO step 0] sv=1.0000->0.9882  denoised_rms=1.2758 x_rms=0.9881 d_rms=1.6310

 12%|█▎        | 1/8 [00:15<01:45, 15.14s/it][H3TURBO step 1] sv=0.9882->0.9730  denoised_rms=0.9408 x_rms=0.9730 d_rms=1.3791

 25%|██▌       | 2/8 [00:29<01:28, 14.74s/it][H3TURBO step 2] sv=0.9730->0.9524  denoised_rms=1.0504 x_rms=0.9532 d_rms=1.4562

 38%|███▊      | 3/8 [00:44<01:13, 14.60s/it][H3TURBO step 3] sv=0.9524->0.9231  denoised_rms=1.0533 x_rms=0.9260 d_rms=1.4545

 50%|█████     | 4/8 [00:58<00:58, 14.54s/it][H3TURBO step 4] sv=0.9231->0.8780  denoised_rms=1.0349 x_rms=0.8869 d_rms=1.4346

 62%|██████▎   | 5/8 [01:12<00:43, 14.50s/it][H3TURBO step 5] sv=0.8780->0.8000  denoised_rms=1.0391 x_rms=0.8273 d_rms=1.4331

 75%|███████▌  | 6/8 [01:27<00:29, 14.51s/it][H3TURBO step 6] sv=0.8000->0.6316  denoised_rms=1.0500 x_rms=0.7441 d_rms=1.4339

 88%|████████▊ | 7/8 [01:41<00:14, 14.47s/it][H3TURBO step 7] sv=0.6316->0.0000  denoised_rms=1.0657 x_rms=1.0657 d_rms=1.4323

100%|██████████| 8/8 [01:56<00:00, 14.46s/it]
100%|██████████| 8/8 [01:56<00:00, 14.53s/it]
[32m[INFO][0m [32mPrompt executed in 205.30 seconds[0m
